0) angular weight sin^2 phi |cos phi| -- exact maximiser phi* = arccos(1/sqrt3):
   argmax numeric 0.95531313 rad   exact 0.95531662   max 0.3849001794  exact 2/(3 sqrt3) = 0.3849001795

1) quadrature convergence of A_m (s = 0.10)
   m=  0  -8.050957787597e-19  7.721225510790e-19  -1.243541819852e-18   |d21/v| 1.27e+00  |d32/v| 1.62e+00
   m=  1  2.390227786497e-02  2.390227786497e-02  2.390227786497e-02   |d21/v| 0.00e+00  |d32/v| 1.45e-16
   m=  3  1.889264104496e-02  1.889264104496e-02  1.889264104496e-02   |d21/v| 3.67e-16  |d32/v| 5.51e-16
   m= 10  1.760783705389e-02  1.760783705389e-02  1.760783705389e-02   |d21/v| 0.00e+00  |d32/v| 1.97e-16

2) A_m(s) (units of M).  kappa_lead := (3 pi/2) s^2 sin^2 phi* cos phi* = (pi/sqrt3) s^2
  s=0.0400  kappa_lead=2.90207898e-03   A_25=2.88816299e-03  ratio 0.995205
     m:                -3            -2            -1             0             1             2             3             5            10            25
     A_m:    -7.78643e-07  -1.32689e-05  -2.56796e-04   1.62971e-19   4.03047e-03   3.34861e-03   3.11705e-03   2.94687e-03   2.89002e-03   2.88816e-03
  s=0.0600  kappa_lead=6.52967771e-03   A_25=6.45931598e-03  ratio 0.989224
     m:                -3            -2            -1             0             1             2             3             5            10            25
     A_m:    -1.75031e-06  -3.01331e-05  -5.84551e-04  -1.89051e-19   8.95702e-03   7.47015e-03   6.96259e-03   6.58855e-03   6.46341e-03   6.45932e-03
  s=0.0800  kappa_lead=1.16083159e-02   A_25=1.13863278e-02  ratio 0.980877
     m:                -3            -2            -1             0             1             2             3             5            10            25
     A_m:    -3.15050e-06  -5.42623e-05  -1.05606e-03  -1.53135e-19   1.56481e-02   1.31213e-02   1.22521e-02   1.16090e-02   1.13934e-02   1.13863e-02
  s=0.1000  kappa_lead=1.81379936e-02   A_25=1.75972535e-02  ratio 0.970187
     m:                -3            -2            -1             0             1             2             3             5            10            25
     A_m:    -5.00074e-06  -8.61762e-05  -1.68404e-03   7.72123e-19   2.39023e-02   2.01848e-02   1.88926e-02   1.79313e-02   1.76078e-02   1.75973e-02
  s=0.1250  kappa_lead=2.83406151e-02   A_25=2.70251074e-02  ratio 0.953582
     m:                -3            -2            -1             0             1             2             3             5            10            25
     A_m:    -8.00430e-06  -1.38049e-04  -2.71449e-03   4.00830e-19   3.60238e-02   3.07723e-02   2.89113e-02   2.75134e-02   2.70406e-02   2.70251e-02

   kappa(s) (= A_m for large m) and its ratio to (pi/sqrt3)s^2:
    s=0.0400  kappa=2.8881629902e-03   (pi/sqrt3)s^2 = 2.9020789828e-03   ratio 0.99520482   1+4.5 s^2 = 1.007200
    s=0.0600  kappa=6.4593159795e-03   (pi/sqrt3)s^2 = 6.5296777112e-03   ratio 0.98922432   1+4.5 s^2 = 1.016200
    s=0.0800  kappa=1.1386327844e-02   (pi/sqrt3)s^2 = 1.1608315931e-02   ratio 0.98087681   1+4.5 s^2 = 1.028800
    s=0.1000  kappa=1.7597253524e-02   (pi/sqrt3)s^2 = 1.8137993642e-02   ratio 0.97018743   1+4.5 s^2 = 1.045000
    s=0.1250  kappa=2.7025107416e-02   (pi/sqrt3)s^2 = 2.8340615066e-02   ratio 0.95358225   1+4.5 s^2 = 1.070312

3) a_inner(N)/M = sum_{m=0}^{N-1} A_m   (tail m>25 replaced by kappa; exact to <1e-12 rel)
  s=0.0400  ||omega||_inf/M = 1.00119785   fit a_inner/M = 2.88470996e-03 * N + (-8.21557321e-04)
          A_0 (N=1 control, no log) = 1.62775570e-19 = 0.00000 s^2
          (M/2)ln2 per octave would be 0.34657359;  ratio slope/((1/2)ln2) = 8.323513e-03
  s=0.0600  ||omega||_inf/M = 1.00268916   fit a_inner/M = 6.44199773e-03 * N + (-1.92726632e-03)
          A_0 (N=1 control, no log) = -1.88544272e-19 = -0.00000 s^2
          (M/2)ln2 per octave would be 0.34657359;  ratio slope/((1/2)ln2) = 1.858768e-02
  s=0.0800  ||omega||_inf/M = 1.00476597   fit a_inner/M = 1.13323275e-02 * N + (-3.61913761e-03)
          A_0 (N=1 control, no log) = -1.52408575e-19 = -0.00000 s^2
          (M/2)ln2 per octave would be 0.34657359;  ratio slope/((1/2)ln2) = 3.269819e-02
  s=0.1000  ||omega||_inf/M = 1.00742002   fit a_inner/M = 1.74676570e-02 * N + (-6.03398627e-03)
          A_0 (N=1 control, no log) = 7.66435586e-19 = 0.00000 s^2
          (M/2)ln2 per octave would be 0.34657359;  ratio slope/((1/2)ln2) = 5.040100e-02
  s=0.1250  ||omega||_inf/M = 1.01173874   fit a_inner/M = 2.67115673e-02 * N + (-1.03274385e-02)
          A_0 (N=1 control, no log) = 3.96179114e-19 = 0.00000 s^2
          (M/2)ln2 per octave would be 0.34657359;  ratio slope/((1/2)ln2) = 7.707329e-02

   a_inner(N)/M table (normalised so ||omega_0||_inf = M):
   N   s=0.04        s=0.06        s=0.08        s=0.1         s=0.125     
    1  1.627756e-19  -1.885443e-19  -1.524086e-19  7.664356e-19  3.961791e-19
    2  4.025643e-03  8.933001e-03  1.557388e-02  2.372623e-02  3.560588e-02
    3  7.370245e-03  1.638311e-02  2.863289e-02  4.376233e-02  6.602112e-02
    4  1.048356e-02  2.332703e-02  4.082691e-02  6.251582e-02  9.459695e-02
    6  1.642763e-02  3.659483e-02  6.415135e-02  9.843751e-02  1.494547e-01
    8  2.224133e-02  4.957620e-02  8.698353e-02  1.336235e-01  2.032430e-01
   12  3.379406e-02  7.537473e-02  1.323654e-01  2.035728e-01  3.102040e-01
   16  4.533376e-02  1.011446e-01  1.776980e-01  2.734483e-01  4.170573e-01
   20  5.687265e-02  1.269127e-01  2.230274e-01  3.433192e-01  5.239040e-01
   26  7.418090e-02  1.655647e-01  2.910214e-01  4.481251e-01  6.841733e-01

4) CONTROLS
   (a) N=1 single ring: a/M = 1.9545324214e-19 = 0.000000 s^2   -- O(M s^2), no N and no log. OK
   (b) sign-reversed stack (N=8): a_inner/M  bang-bang +1.3461499788e-01   reversed -1.3461499788e-01   sum 0.00e+00
       bang-bang sign gives a_inner > 0 : True;  reversed gives a_inner < 0 : True
   (c) A_m for m<0 (inner ring acting on an outer core) must be NEGATIVE and decay ~ 4^m:
       A_-1 = -1.684038e-03   A_-1/A_0 = -2181049918650465.50000  (4^-1 = 0.25)
       A_-2 = -8.617624e-05   A_-2/A_-1 = 0.05117  (4^-1 = 0.25)
       A_-3 = -5.000739e-06   A_-3/A_-2 = 0.05803  (4^-1 = 0.25)
       A_-4 = -3.008735e-07   A_-4/A_-3 = 0.06017  (4^-1 = 0.25)

elapsed 70.6s  SHA256 f52ec77fe14ef0834593793002af53435d5549c082ec8ca25291284c0d2c3ffe
