  L= 10.0 rho*=1.00 lam=1.00  a_r=  -0.3369 a_z=  -0.4154 a_rr=  -0.0375 a_zz=  -1.3958 | K2_exact=   2.224  K2_red=   6.850  K2_bound=  95.600  slack= 42.99  C1=5.9e-08 C2=1.0e-06 C3=8.3e-08
  L= 10.0 rho*=1.00 lam=1.25  a_r=  -0.3952 a_z=  -0.5123 a_rr=   0.0289 a_zz=  -3.5297 | K2_exact=   3.403  K2_red=  10.632  K2_bound= 162.616  slack= 47.79  C1=1.8e-06 C2=3.1e-05 C3=4.1e-07
  L= 10.0 rho*=1.00 lam=1.50  a_r=  -0.4201 a_z=  -0.6007 a_rr=   0.0862 a_zz=  -6.1787 | K2_exact=   5.396  K2_red=  15.913  K2_bound= 262.901  slack= 48.73  C1=1.6e-05 C2=2.0e-05 C3=3.8e-06
  L= 10.0 rho*=1.50 lam=1.00  a_r=  -0.1561 a_z=  -0.4522 a_rr=   0.1406 a_zz=   0.3263 | K2_exact=   0.943  K2_red=   3.688  K2_bound=  77.317  slack= 81.97  C1=2.4e-06 C2=1.6e-07 C3=3.8e-07
  L= 10.0 rho*=1.50 lam=1.25  a_r=  -0.2523 a_z=  -0.7011 a_rr=   0.1650 a_zz=   0.3961 | K2_exact=   1.201  K2_red=   5.101  K2_bound=  99.149  slack= 82.55  C1=1.0e-04 C2=7.9e-05 C3=4.1e-07
  L= 10.0 rho*=1.50 lam=1.50  a_r=  -0.3045 a_z=  -0.8945 a_rr=   0.1387 a_zz=   0.3188 | K2_exact=   1.450  K2_red=   6.031  K2_bound= 137.361  slack= 94.71  C1=1.8e-04 C2=1.6e-05 C3=4.3e-06
  L= 10.0 rho*=2.00 lam=1.00  a_r=  -0.0501 a_z=  -0.2901 a_rr=  -0.0144 a_zz=   0.1654 | K2_exact=   0.712  K2_red=   2.073  K2_bound=  62.332  slack= 87.52  C1=1.7e-03 C2=8.5e-06 C3=3.3e-06
  L= 10.0 rho*=2.00 lam=1.25  a_r=  -0.1210 a_z=  -0.4823 a_rr=   0.0222 a_zz=   0.2696 | K2_exact=   0.847  K2_red=   3.109  K2_bound=  68.301  slack= 80.65  C1=2.1e-02 C2=2.0e-04 C3=1.1e-06
  L= 10.0 rho*=2.00 lam=1.50  a_r=  -0.1803 a_z=  -0.6453 a_rr=   0.0488 a_zz=   0.3136 | K2_exact=   1.044  K2_red=   4.041  K2_bound=  81.369  slack= 77.92  C1=6.8e-03 C2=7.4e-05 C3=7.1e-06
  L= 10.0 rho*=3.00 lam=1.00  a_r=  -0.0191 a_z=  -0.1808 a_rr=  -0.0204 a_zz=   0.0600 | K2_exact=   0.486  K2_red=   1.265  K2_bound=  42.199  slack= 86.89  C1=3.9e-04 C2=1.6e-05 C3=1.3e-05
  L= 10.0 rho*=3.00 lam=1.25  a_r=  -0.0578 a_z=  -0.3090 a_rr=  -0.0185 a_zz=   0.1130 | K2_exact=   0.573  K2_red=   1.898  K2_bound=  46.551  slack= 81.21  C1=4.0e-02 C2=2.1e-03 C3=2.3e-06
  L= 10.0 rho*=3.00 lam=1.50  a_r=  -0.0997 a_z=  -0.4239 a_rr=  -0.0063 a_zz=   0.1423 | K2_exact=   0.724  K2_red=   2.515  K2_bound=  54.299  slack= 74.96  C1=3.8e-03 C2=2.2e-04 C3=2.5e-06
  L= 40.0 rho*=1.00 lam=1.00  a_r=  -0.3369 a_z=  -0.4154 a_rr=  -0.0375 a_zz=  -1.3957 | K2_exact=   2.224  K2_red=   6.850  K2_bound=  95.601  slack= 42.99  C1=4.6e-06 C2=6.2e-07 C3=1.6e-05
  L= 40.0 rho*=1.00 lam=1.25  a_r=  -0.3952 a_z=  -0.5124 a_rr=   0.0289 a_zz=  -3.5297 | K2_exact=   3.403  K2_red=  10.632  K2_bound= 162.617  slack= 47.79  C1=1.1e-05 C2=2.6e-04 C3=1.6e-05
  L= 40.0 rho*=1.00 lam=1.50  a_r=  -0.4201 a_z=  -0.6009 a_rr=   0.0862 a_zz=  -6.1789 | K2_exact=   5.396  K2_red=  15.913  K2_bound= 262.902  slack= 48.72  C1=3.6e-05 C2=1.5e-04 C3=3.3e-06
  L= 40.0 rho*=1.50 lam=1.00  a_r=  -0.1561 a_z=  -0.4522 a_rr=   0.1406 a_zz=   0.3263 | K2_exact=   0.943  K2_red=   3.689  K2_bound=  77.318  slack= 81.97  C1=9.0e-05 C2=8.1e-06 C3=5.5e-05
  L= 40.0 rho*=1.50 lam=1.25  a_r=  -0.2523 a_z=  -0.7015 a_rr=   0.1650 a_zz=   0.3960 | K2_exact=   1.201  K2_red=   5.102  K2_bound=  99.150  slack= 82.54  C1=5.9e-04 C2=9.6e-04 C3=4.9e-05
  L= 40.0 rho*=1.50 lam=1.50  a_r=  -0.3045 a_z=  -0.8952 a_rr=   0.1387 a_zz=   0.3187 | K2_exact=   1.451  K2_red=   6.034  K2_bound= 137.361  slack= 94.67  C1=2.7e-04 C2=1.2e-03 C3=1.2e-05
  L= 40.0 rho*=2.00 lam=1.00  a_r=  -0.0501 a_z=  -0.2901 a_rr=  -0.0144 a_zz=   0.1653 | K2_exact=   0.712  K2_red=   2.073  K2_bound=  62.333  slack= 87.52  C1=1.6e-04 C2=1.3e-05 C3=2.9e-05
  L= 40.0 rho*=2.00 lam=1.25  a_r=  -0.1210 a_z=  -0.4829 a_rr=   0.0222 a_zz=   0.2694 | K2_exact=   0.847  K2_red=   3.111  K2_bound=  68.302  slack= 80.63  C1=1.4e-01 C2=2.8e-03 C3=3.3e-05
  L= 40.0 rho*=2.00 lam=1.50  a_r=  -0.1803 a_z=  -0.6470 a_rr=   0.0488 a_zz=   0.3137 | K2_exact=   1.045  K2_red=   4.048  K2_bound=  81.369  slack= 77.85  C1=8.4e-02 C2=6.3e-03 C3=1.0e-05
  L= 40.0 rho*=3.00 lam=1.00  a_r=  -0.0191 a_z=  -0.1806 a_rr=  -0.0204 a_zz=   0.0598 | K2_exact=   0.486  K2_red=   1.264  K2_bound=  42.200  slack= 86.87  C1=1.3e-01 C2=2.2e-04 C3=1.3e-03
  L= 40.0 rho*=3.00 lam=1.25  a_r=  -0.0578 a_z=  -0.3095 a_rr=  -0.0185 a_zz=   0.1131 | K2_exact=   0.573  K2_red=   1.900  K2_bound=  46.552  slack= 81.19  C1=1.3e-02 C2=3.4e-03 C3=4.5e-04
  L= 40.0 rho*=3.00 lam=1.50  a_r=  -0.0996 a_z=  -0.4280 a_rr=  -0.0063 a_zz=   0.1426 | K2_exact=   0.724  K2_red=   2.535  K2_bound=  54.300  slack= 74.98  C1=1.0e-01 C2=3.8e-02 C3=1.1e-05

k4  C4  dbar/r in {0.2,0.45,0.8}: relative spread
      a=1.44e-08  a_r=2.30e-05  a_z=1.14e-05  a_rr=5.82e-05  a_rz=9.18e-06  a_zz=3.62e-05  a_r_over_r=5.58e-07
k4  C5  grid refinement at rho*=2, lam=1, L=10
      n=  60 a=4.3098395814 a_rr=-0.0143869310 a_zz=0.1653565200 a_r/r=-0.0500561807
      n=  80 a=4.3098385511 a_rr=-0.0143858853 a_zz=0.1653514829 a_r/r=-0.0500559497
      n= 100 a=4.3098384993 a_rr=-0.0143857263 a_zz=0.1653495227 a_r/r=-0.0500559446

wrote k4_results.json
