  lam=1.00 rho= 1.20 phi=  5.0  K2=   3.6881  K2*rho=   4.4257  C1=1.4e-06
  lam=1.00 rho= 1.20 phi= 10.0  K2=   2.6046  K2*rho=   3.1255  C1=1.3e-06
  lam=1.00 rho= 1.20 phi= 20.0  K2=   1.7653  K2*rho=   2.1184  C1=1.9e-06
  lam=1.00 rho= 1.20 phi= 45.0  K2=   1.3819  K2*rho=   1.6582  C1=3.9e-06
  lam=1.00 rho= 1.20 phi= 75.0  K2=   1.6814  K2*rho=   2.0177  C1=4.2e-05
  lam=1.00 rho= 1.20 phi= 85.0  K2=   2.8551  K2*rho=   3.4261  C1=1.8e-07
  lam=1.00 rho= 1.20 phi= 89.5  K2=   4.5467  K2*rho=   5.4560  C1=3.8e-05
  lam=1.00 rho= 2.00 phi=  5.0  K2=   3.0461  K2*rho=   6.0922  C1=4.3e-06
  lam=1.00 rho= 2.00 phi= 10.0  K2=   2.1985  K2*rho=   4.3970  C1=4.4e-06
  lam=1.00 rho= 2.00 phi= 20.0  K2=   1.1492  K2*rho=   2.2983  C1=5.5e-06
  lam=1.00 rho= 2.00 phi= 45.0  K2=   0.5584  K2*rho=   1.1168  C1=9.6e-06
  lam=1.00 rho= 2.00 phi= 75.0  K2=   0.6583  K2*rho=   1.3166  C1=1.1e-04
  lam=1.00 rho= 2.00 phi= 85.0  K2=   2.0342  K2*rho=   4.0684  C1=8.9e-05
  lam=1.00 rho= 2.00 phi= 89.5  K2=   3.6099  K2*rho=   7.2199  C1=1.2e-04
  lam=1.00 rho= 4.00 phi=  5.0  K2=   1.5478  K2*rho=   6.1912  C1=1.3e-05
  lam=1.00 rho= 4.00 phi= 10.0  K2=   1.1222  K2*rho=   4.4886  C1=2.9e-05
  lam=1.00 rho= 4.00 phi= 20.0  K2=   0.5917  K2*rho=   2.3667  C1=3.4e-05
  lam=1.00 rho= 4.00 phi= 45.0  K2=   0.2877  K2*rho=   1.1510  C1=3.8e-05
  lam=1.00 rho= 4.00 phi= 75.0  K2=   0.3198  K2*rho=   1.2792  C1=2.9e-04
  lam=1.00 rho= 4.00 phi= 85.0  K2=   1.0367  K2*rho=   4.1469  C1=4.4e-04
  lam=1.00 rho= 4.00 phi= 89.5  K2=   1.8259  K2*rho=   7.3036  C1=4.9e-04
  lam=1.00 rho=10.00 phi=  5.0  K2=   0.6194  K2*rho=   6.1940  C1=1.3e-05
  lam=1.00 rho=10.00 phi= 10.0  K2=   0.4491  K2*rho=   4.4914  C1=3.2e-05
  lam=1.00 rho=10.00 phi= 20.0  K2=   0.2369  K2*rho=   2.3689  C1=7.4e-05
  lam=1.00 rho=10.00 phi= 45.0  K2=   0.1152  K2*rho=   1.1524  C1=1.1e-04
  lam=1.00 rho=10.00 phi= 75.0  K2=   0.1278  K2*rho=   1.2779  C1=5.2e-04
  lam=1.00 rho=10.00 phi= 85.0  K2=   0.4147  K2*rho=   4.1472  C1=8.8e-04
  lam=1.00 rho=10.00 phi= 89.5  K2=   0.7303  K2*rho=   7.3027  C1=9.2e-04
  lam=1.50 rho= 1.20 phi=  5.0  K2=   2.1338  K2*rho=   2.5606  C1=4.4e-05
  lam=1.50 rho= 1.20 phi= 10.0  K2=   2.0715  K2*rho=   2.4858  C1=6.5e-05
  lam=1.50 rho= 1.20 phi= 20.0  K2=   1.8723  K2*rho=   2.2468  C1=6.2e-05
  lam=1.50 rho= 1.20 phi= 45.0  K2=   1.5587  K2*rho=   1.8705  C1=1.2e-04
  lam=1.50 rho= 1.20 phi= 75.0  K2=   4.5325  K2*rho=   5.4390  C1=5.3e-04
  lam=1.50 rho= 1.20 phi= 85.0  K2=   2.3195  K2*rho=   2.7834  C1=2.9e-02
  lam=1.50 rho= 1.20 phi= 89.5  K2=   5.1685  K2*rho=   6.2022  C1=1.7e-02
  lam=1.50 rho= 2.00 phi=  5.0  K2=   1.3144  K2*rho=   2.6287  C1=5.6e-05
  lam=1.50 rho= 2.00 phi= 10.0  K2=   1.2611  K2*rho=   2.5222  C1=1.3e-04
  lam=1.50 rho= 2.00 phi= 20.0  K2=   1.1110  K2*rho=   2.2219  C1=5.9e-05
  lam=1.50 rho= 2.00 phi= 45.0  K2=   0.8790  K2*rho=   1.7581  C1=1.4e-04
  lam=1.50 rho= 2.00 phi= 75.0  K2=   0.9788  K2*rho=   1.9576  C1=7.5e-05
  lam=1.50 rho= 2.00 phi= 85.0  K2=   1.4933  K2*rho=   2.9867  C1=2.6e-02
  lam=1.50 rho= 2.00 phi= 89.5  K2=  17.4903  K2*rho=  34.9805  C1=5.5e-03
  lam=1.50 rho= 4.00 phi=  5.0  K2=   0.6639  K2*rho=   2.6555  C1=1.3e-03
  lam=1.50 rho= 4.00 phi= 10.0  K2=   0.6361  K2*rho=   2.5442  C1=5.1e-04
  lam=1.50 rho= 4.00 phi= 20.0  K2=   0.5569  K2*rho=   2.2277  C1=2.3e-04
  lam=1.50 rho= 4.00 phi= 45.0  K2=   0.4408  K2*rho=   1.7630  C1=2.1e-04
  lam=1.50 rho= 4.00 phi= 75.0  K2=   0.5221  K2*rho=   2.0882  C1=1.2e-03
  lam=1.50 rho= 4.00 phi= 85.0  K2=   0.5344  K2*rho=   2.1375  C1=1.1e-02
  lam=1.50 rho= 4.00 phi= 89.5  K2=   9.4932  K2*rho=  37.9729  C1=8.0e-03
  lam=1.50 rho=10.00 phi=  5.0  K2=   0.2657  K2*rho=   2.6575  C1=6.4e-04
  lam=1.50 rho=10.00 phi= 10.0  K2=   0.2546  K2*rho=   2.5458  C1=5.1e-04
  lam=1.50 rho=10.00 phi= 20.0  K2=   0.2229  K2*rho=   2.2285  C1=1.9e-04
  lam=1.50 rho=10.00 phi= 45.0  K2=   0.1764  K2*rho=   1.7644  C1=3.0e-04
  lam=1.50 rho=10.00 phi= 75.0  K2=   0.2089  K2*rho=   2.0885  C1=6.3e-04
  lam=1.50 rho=10.00 phi= 85.0  K2=   0.2135  K2*rho=   2.1347  C1=1.7e-02
  lam=1.50 rho=10.00 phi= 89.5  K2=   3.7936  K2*rho=  37.9360  C1=9.1e-03

k8  global sup over the scanned points: K2 = 17.4903 M/rho0 at lam=1.5, rho=2.0, phi=89.5 deg
    max of K2*rho/M = 37.9729  (the M/rho scaling)
wrote k8_results.json
